
Saving plugin to smart-fold

node : X [ERROR] Invali
d option in build() cal
l: "watch"
At line:1 char:1
+ node --experimental-j
son-modules esbuild.con
fig.mjs production > bu
il ...
+ ~~~~~~~~~~~~~~~~~~~~~
~~~~~~~~~~~~~~~~~~~~~~~
~~~~~~~~~~~~~~~~~~~~~~~
~~
    + CategoryInfo     
         : NotSpecified
:     (X [ERROR] Inval.
..)     call: "watch":S
trin    g) [], RemoteEx
cepti    on
    + FullyQualifiedErr
o    rId : NativeComman
dE    rror
 

    C:\green\code_smart
-fold\node_modules\esbu
ild\lib\main.js:253:12:
      253 │       throw
 new Error(`Invalid opt
ion ${where}: ${quote(k
ey)}`);
          ╵            
 ^

    at checkForInvalidF
lags (C:\green\code_sma
rt-fold\node_modules\es
build\lib\main.js:253:1
3)
    at flagsForBuildOpt
ions (C:\green\code_sma
rt-fold\node_modules\es
build\lib\main.js:426:3
)
    at buildOrContextCo
ntinue (C:\green\code_s
mart-fold\node_modules\
esbuild\lib\main.js:913
:9)
    at buildOrContextIm
pl (C:\green\code_smart
-fold\node_modules\esbu
ild\lib\main.js:897:5)
    at Object.buildOrCo
ntext (C:\green\code_sm
art-fold\node_modules\e
sbuild\lib\main.js:699:
5)
    at C:\green\code_sm
art-fold\node_modules\e
sbuild\lib\main.js:2028
:15
    at new Promise (<an
onymous>)
    at Object.build (C:
\green\code_smart-fold\
node_modules\esbuild\li
b\main.js:2027:25)
    at Object.build (C:
\green\code_smart-fold\
node_modules\esbuild\li
b\main.js:1878:51)
    at file:///C:/green
/code_smart-fold/esbuil
d.config.mjs:29:4

1 error
